// Vitest Snapshot v1, https://vitest.dev/guide/snapshot.html

exports[`Header > Header renders correctly 1`] = `[Function]`;
