// Vitest Snapshot v1, https://vitest.dev/guide/snapshot.html

exports[`Missions > Missions renders correctly 1`] = `[Function]`;
