// Vitest Snapshot v1, https://vitest.dev/guide/snapshot.html

exports[`My Profile > My Profile renders correctly 1`] = `[Function]`;
