// Vitest Snapshot v1, https://vitest.dev/guide/snapshot.html

exports[`Active Missions List > ReservedRocketsList renders correctly 1`] = `[Function]`;
